// Jest Snapshot v1, https://goo.gl/fbAQLP

exports[`<Checkbox /> Should render 1`] = `
.c0 {
  display: -webkit-box;
  display: -webkit-flex;
  display: -ms-flexbox;
  display: flex;
  -webkit-align-items: center;
  -webkit-box-align: center;
  -ms-flex-align: center;
  align-items: center;
  margin: 8px 0;
}

<div
  class="c0"
>
  <input
    class=""
    type="checkbox"
  />
</div>
`;
