// Jest Snapshot v1, https://goo.gl/fbAQLP

exports[`<Input /> Should render 1`] = `
.c0 {
  display: -webkit-box;
  display: -webkit-flex;
  display: -ms-flexbox;
  display: flex;
  -webkit-flex-direction: column;
  -ms-flex-direction: column;
  flex-direction: column;
}

.c1 {
  padding: 8px;
  border: 1px solid #ddd;
  -webkit-flex: 1;
  -ms-flex: 1;
  flex: 1;
}

<div
  class="c0"
>
  <input
    class="c1"
  />
</div>
`;
